
# 2026-09-17T09:48:04.405Z stage=tickets run=202609170948
2026-09-17T09:48:06.031Z GET /hubspot/tickets/TICKET-001 - status=200 1624ms 304b 
2026-09-17T09:48:06.972Z GET /context/HH-001 - status=200 782ms 229b 
2026-09-17T09:48:07.572Z GET /hubspot/tickets/TICKET-002 - status=200 448ms 304b 
2026-09-17T09:48:07.927Z GET /context/HH-002 - status=200 203ms 373b 
2026-09-17T09:48:08.569Z GET /hubspot/tickets/TICKET-003 - status=200 491ms 303b 
2026-09-17T09:48:08.923Z GET /context/HH-003 - status=200 202ms 228b 
2026-09-17T09:48:09.597Z GET /hubspot/tickets/TICKET-004 - status=200 522ms 306b 
2026-09-17T09:48:09.951Z GET /context/HH-004 - status=200 203ms 222b 
2026-09-17T09:48:10.537Z GET /hubspot/tickets/TICKET-005 - status=200 433ms 304b 
2026-09-17T09:48:10.927Z GET /context/HH-005 - status=200 234ms 230b 
2026-09-17T09:48:11.525Z GET /hubspot/tickets/TICKET-006 - status=200 447ms 305b 
2026-09-17T09:48:11.866Z GET /context/HH-006 - status=200 186ms 229b 
2026-09-17T09:48:12.462Z GET /hubspot/tickets/TICKET-007 - status=200 444ms 307b 
2026-09-17T09:48:12.808Z GET /context/HH-007 - status=200 194ms 221b 
2026-09-17T09:48:13.394Z GET /hubspot/tickets/TICKET-008 - status=200 434ms 304b 
2026-09-17T09:48:13.739Z GET /context/HH-008 - status=200 190ms 231b 
2026-09-17T09:48:14.401Z GET /hubspot/tickets/TICKET-009 - status=200 509ms 308b 
2026-09-17T09:48:14.746Z GET /context/HH-009 - status=200 192ms 227b 
2026-09-17T09:48:15.396Z GET /hubspot/tickets/TICKET-010 - status=200 498ms 313b 
2026-09-17T09:48:15.826Z GET /context/HH-010 - status=200 277ms 227b 
2026-09-17T09:48:16.498Z GET /hubspot/tickets/TICKET-011 - status=200 521ms 306b 
2026-09-17T09:48:16.874Z GET /context/HH-011 - status=200 186ms 222b 
2026-09-17T09:48:17.780Z GET /hubspot/tickets/TICKET-012 - status=200 719ms 306b 
2026-09-17T09:48:18.257Z GET /context/HH-012 - status=200 306ms 229b 
2026-09-17T09:48:18.862Z GET /hubspot/tickets/TICKET-013 - status=200 436ms 305b 
2026-09-17T09:48:19.289Z GET /context/HH-013 - status=200 243ms 530b 
2026-09-17T09:48:19.903Z GET /hubspot/tickets/TICKET-014 - status=200 439ms 305b 
2026-09-17T09:48:20.248Z GET /context/HH-014 - status=200 184ms 222b 
2026-09-17T09:48:20.944Z GET /hubspot/tickets/TICKET-015 - status=200 543ms 304b 
2026-09-17T09:48:21.413Z GET /context/HH-015 - status=200 317ms 228b 
2026-09-17T09:48:22.015Z GET /hubspot/tickets/TICKET-016 - status=200 446ms 304b 
2026-09-17T09:48:22.365Z GET /context/HH-016 - status=200 194ms 228b 
2026-09-17T09:48:22.965Z GET /hubspot/tickets/TICKET-017 - status=200 439ms 305b 
2026-09-17T09:48:23.352Z GET /context/HH-017 - status=200 222ms 228b 
2026-09-17T09:48:23.944Z GET /hubspot/tickets/TICKET-018 - status=200 431ms 305b 
2026-09-17T09:48:24.317Z GET /context/HH-018 - status=200 205ms 223b 
2026-09-17T09:48:24.953Z GET /hubspot/tickets/TICKET-019 - status=200 460ms 307b 
2026-09-17T09:48:25.315Z GET /context/HH-019 - status=200 210ms 223b 
2026-09-17T09:48:25.976Z GET /hubspot/tickets/TICKET-020 - status=200 490ms 307b 
2026-09-17T09:48:26.460Z GET /context/HH-020 - status=200 326ms 228b 
2026-09-17T09:48:27.102Z GET /hubspot/tickets/TICKET-021 - status=200 476ms 322b 
2026-09-17T09:48:27.461Z GET /context/HH-021 - status=200 205ms 222b 
2026-09-17T09:48:28.086Z GET /hubspot/tickets/TICKET-022 - status=200 438ms 305b 
2026-09-17T09:48:28.478Z GET /context/HH-022 - status=200 206ms 228b 
2026-09-17T09:48:29.126Z GET /hubspot/tickets/TICKET-023 - status=200 494ms 307b 
2026-09-17T09:48:29.668Z GET /context/HH-023 - status=200 377ms 222b 
2026-09-17T09:48:30.359Z GET /hubspot/tickets/TICKET-024 - status=200 534ms 305b 
2026-09-17T09:48:30.749Z GET /context/HH-024 - status=200 238ms 222b 

# 2026-09-17T09:49:16.416Z stage=payments run=202609170949
2026-09-17T09:49:17.993Z GET /current-payment/MOB-001 - status=200 1537ms 24b 
2026-09-17T09:49:18.541Z GET /current-payment/PAY-001 - status=404 209ms 44b 
2026-09-17T09:49:18.903Z GET /current-payment/MOB-002A - status=200 206ms 24b 
2026-09-17T09:49:19.337Z GET /current-payment/PAY-002A - status=404 280ms 45b 
2026-09-17T09:49:19.695Z GET /current-payment/MOB-002B - status=200 202ms 24b 
2026-09-17T09:49:20.163Z GET /current-payment/PAY-002B - status=404 311ms 45b 
2026-09-17T09:49:20.537Z GET /current-payment/MOB-003 - status=200 200ms 24b 
2026-09-17T09:49:20.895Z GET /current-payment/PAY-003 - status=404 200ms 44b 
2026-09-17T09:49:21.260Z GET /current-payment/MOB-004 - status=200 212ms 24b 
2026-09-17T09:49:21.783Z GET /current-payment/PAY-004 - status=404 368ms 44b 
2026-09-17T09:49:22.128Z GET /current-payment/MOB-005 - status=200 192ms 24b 
2026-09-17T09:49:22.483Z GET /current-payment/PAY-005 - status=404 201ms 44b 
2026-09-17T09:49:22.822Z GET /current-payment/MOB-006 - status=200 188ms 24b 
2026-09-17T09:49:23.182Z GET /current-payment/PAY-006 - status=404 209ms 44b 
2026-09-17T09:49:23.528Z GET /current-payment/MOB-007 - status=200 193ms 24b 
2026-09-17T09:49:23.865Z GET /current-payment/PAY-007 - status=404 185ms 44b 
2026-09-17T09:49:24.205Z GET /current-payment/MOB-008 - status=200 187ms 23b 
2026-09-17T09:49:24.540Z GET /current-payment/PAY-008 - status=404 185ms 44b 
2026-09-17T09:49:24.878Z GET /current-payment/MOB-009 - status=200 185ms 24b 
2026-09-17T09:49:25.225Z GET /current-payment/PAY-009 - status=404 196ms 44b 
2026-09-17T09:49:25.577Z GET /current-payment/MOB-010 - status=200 199ms 24b 
2026-09-17T09:49:26.057Z GET /current-payment/PAY-010 - status=404 323ms 44b 
2026-09-17T09:49:26.405Z GET /current-payment/MOB-011 - status=200 195ms 26b 
2026-09-17T09:49:26.747Z GET /current-payment/PAY-011 - status=404 191ms 44b 
2026-09-17T09:49:27.101Z GET /current-payment/MOB-012 - status=200 201ms 24b 
2026-09-17T09:49:27.596Z GET /current-payment/PAY-012 - status=404 344ms 44b 
2026-09-17T09:49:27.954Z GET /current-payment/MOB-013A - status=200 201ms 24b 
2026-09-17T09:49:28.394Z GET /current-payment/PAY-013A - status=404 288ms 45b 
2026-09-17T09:49:28.753Z GET /current-payment/MOB-013B - status=200 207ms 24b 
2026-09-17T09:49:29.095Z GET /current-payment/PAY-013B - status=404 189ms 45b 
2026-09-17T09:49:29.483Z GET /current-payment/MOB-013C - status=200 235ms 24b 
2026-09-17T09:49:29.829Z GET /current-payment/PAY-013C - status=404 187ms 45b 
2026-09-17T09:49:30.179Z GET /current-payment/MOB-014 - status=200 197ms 24b 
2026-09-17T09:49:30.516Z GET /current-payment/PAY-014 - status=404 186ms 44b 
2026-09-17T09:49:30.856Z GET /current-payment/MOB-015 - status=200 187ms 24b 
2026-09-17T09:49:31.210Z GET /current-payment/PAY-015 - status=404 202ms 44b 
2026-09-17T09:49:31.558Z GET /current-payment/MOB-016 - status=200 187ms 24b 
2026-09-17T09:49:31.976Z GET /current-payment/PAY-016 - status=404 189ms 44b 
2026-09-17T09:49:32.506Z GET /current-payment/MOB-017 - status=200 268ms 24b 
2026-09-17T09:49:32.926Z GET /current-payment/PAY-017 - status=404 192ms 44b 
2026-09-17T09:49:33.298Z GET /current-payment/MOB-018 - status=200 219ms 24b 
2026-09-17T09:49:33.652Z GET /current-payment/PAY-018 - status=404 192ms 44b 
2026-09-17T09:49:34.041Z GET /current-payment/MOB-019 - status=200 193ms 24b 
2026-09-17T09:49:34.395Z GET /current-payment/PAY-019 - status=404 200ms 44b 
2026-09-17T09:49:34.748Z GET /current-payment/MOB-020 - status=200 192ms 24b 
2026-09-17T09:49:35.094Z GET /current-payment/PAY-020 - status=404 188ms 44b 
2026-09-17T09:49:35.485Z GET /current-payment/MOB-021 - status=200 234ms 24b 
2026-09-17T09:49:35.986Z GET /current-payment/PAY-021 - status=404 203ms 44b 
2026-09-17T09:49:36.395Z GET /current-payment/MOB-022 - status=200 206ms 24b 
2026-09-17T09:49:36.745Z GET /current-payment/PAY-022 - status=404 189ms 44b 
2026-09-17T09:49:37.099Z GET /current-payment/MOB-023 - status=200 199ms 23b 
2026-09-17T09:49:37.960Z GET /current-payment/PAY-023 - status=404 337ms 44b 
2026-09-17T09:49:38.563Z GET /current-payment/MOB-024 - status=200 285ms 24b 
2026-09-17T09:49:39.060Z GET /current-payment/PAY-024 - status=404 290ms 44b 

# 2026-09-17T09:49:41.475Z stage=errors run=202609170949
2026-09-17T09:49:44.370Z GET /hubspot/tickets/TICKET-999 - status=404 2889ms 40b # unknown ticket
2026-09-17T09:49:45.446Z GET /context/HH-999 - status=404 910ms 39b # unknown household
2026-09-17T09:49:45.828Z GET /current-payment/NOPE-999 - status=404 212ms 45b # unknown service
2026-09-17T09:49:46.918Z GET /deals/HH-999 xtid=PROBE-ERR status=404 937ms 39b # unknown household deals
2026-09-17T09:49:47.325Z GET /hubspot/tickets/TICKET-012 - status=401 229ms 53b # no auth
2026-09-17T09:49:47.677Z GET /hubspot/tickets/TICKET-012 - status=401 191ms 32b # bad auth

# 2026-09-17T09:49:57.028Z stage=gate run=202609170949
2026-09-17T09:49:58.226Z GET /deals/HH-001 xtid=PROBE-GATE-A status=200 1171ms 638b # gate A
2026-09-17T09:49:58.852Z GET /deals/HH-001 xtid=PROBE-GATE-A status=200 474ms 638b # gate A
2026-09-17T09:49:59.455Z GET /deals/HH-001 xtid=PROBE-GATE-A status=200 447ms 638b # gate A
2026-09-17T09:50:00.079Z GET /deals/HH-001 xtid=PROBE-GATE-B status=200 471ms 638b # gate B
2026-09-17T09:50:00.439Z GET /deals/HH-001 - status=400 201ms 38b # gate no X-Ticket-Id

# 2026-09-17T09:50:43.455Z stage=gate-sandbox run=202609170950
2026-09-17T09:50:44.351Z GET /deals/HH-012 xtid=PROBE-GATE-HH-012-A status=200 880ms 485b # gate A
2026-09-17T09:50:44.936Z GET /deals/HH-012 xtid=PROBE-GATE-HH-012-A status=200 433ms 485b # gate A
2026-09-17T09:50:45.528Z GET /deals/HH-012 xtid=PROBE-GATE-HH-012-A status=200 441ms 485b # gate A
2026-09-17T09:50:46.176Z GET /deals/HH-012 xtid=PROBE-GATE-HH-012-B status=200 494ms 485b # gate B
2026-09-17T09:50:46.528Z GET /deals/HH-012 - status=400 200ms 38b # gate no X-Ticket-Id
2026-09-17T09:50:47.119Z GET /deals/HH-013 xtid=PROBE-GATE-HH-013-A status=200 437ms 487b # gate A
2026-09-17T09:50:47.798Z GET /deals/HH-013 xtid=PROBE-GATE-HH-013-A status=200 527ms 487b # gate A
2026-09-17T09:50:48.381Z GET /deals/HH-013 xtid=PROBE-GATE-HH-013-A status=200 431ms 487b # gate A
2026-09-17T09:50:49.061Z GET /deals/HH-013 xtid=PROBE-GATE-HH-013-B status=200 529ms 487b # gate B
2026-09-17T09:50:49.536Z GET /deals/HH-013 - status=400 324ms 38b # gate no X-Ticket-Id
2026-09-17T09:50:50.233Z GET /deals/HH-014 xtid=PROBE-GATE-HH-014-A status=200 542ms 485b # gate A
2026-09-17T09:50:50.917Z GET /deals/HH-014 xtid=PROBE-GATE-HH-014-A status=200 532ms 485b # gate A
2026-09-17T09:50:51.581Z GET /deals/HH-014 xtid=PROBE-GATE-HH-014-A status=200 511ms 485b # gate A
2026-09-17T09:50:52.182Z GET /deals/HH-014 xtid=PROBE-GATE-HH-014-B status=200 450ms 485b # gate B
2026-09-17T09:50:52.526Z GET /deals/HH-014 - status=400 191ms 38b # gate no X-Ticket-Id
2026-09-17T09:50:53.115Z GET /deals/HH-015 xtid=PROBE-GATE-HH-015-A status=200 438ms 489b # gate A
2026-09-17T09:50:53.869Z GET /deals/HH-015 xtid=PROBE-GATE-HH-015-A status=200 601ms 489b # gate A
2026-09-17T09:50:54.478Z GET /deals/HH-015 xtid=PROBE-GATE-HH-015-A status=200 458ms 489b # gate A
2026-09-17T09:50:55.066Z GET /deals/HH-015 xtid=PROBE-GATE-HH-015-B status=200 435ms 489b # gate B
2026-09-17T09:50:55.417Z GET /deals/HH-015 - status=400 199ms 38b # gate no X-Ticket-Id
2026-09-17T09:50:56.016Z GET /deals/HH-016 xtid=PROBE-GATE-HH-016-A status=200 447ms 169b # gate A
2026-09-17T09:50:57.212Z GET /deals/HH-016 xtid=PROBE-GATE-HH-016-A status=200 1044ms 169b # gate A
2026-09-17T09:50:57.833Z GET /deals/HH-016 xtid=PROBE-GATE-HH-016-A status=200 468ms 169b # gate A
2026-09-17T09:50:58.428Z GET /deals/HH-016 xtid=PROBE-GATE-HH-016-B status=200 444ms 169b # gate B
2026-09-17T09:50:58.764Z GET /deals/HH-016 - status=400 184ms 38b # gate no X-Ticket-Id
2026-09-17T09:50:59.351Z GET /deals/HH-017 xtid=PROBE-GATE-HH-017-A status=200 434ms 172b # gate A
2026-09-17T09:50:59.951Z GET /deals/HH-017 xtid=PROBE-GATE-HH-017-A status=200 447ms 172b # gate A
2026-09-17T09:51:00.542Z GET /deals/HH-017 xtid=PROBE-GATE-HH-017-A status=200 438ms 172b # gate A
2026-09-17T09:51:01.139Z GET /deals/HH-017 xtid=PROBE-GATE-HH-017-B status=200 445ms 172b # gate B
2026-09-17T09:51:01.500Z GET /deals/HH-017 - status=400 210ms 38b # gate no X-Ticket-Id
2026-09-17T09:51:02.133Z GET /deals/HH-018 xtid=PROBE-GATE-HH-018-A status=200 482ms 328b # gate A
2026-09-17T09:51:02.800Z GET /deals/HH-018 xtid=PROBE-GATE-HH-018-A status=200 515ms 328b # gate A
2026-09-17T09:51:03.505Z GET /deals/HH-018 xtid=PROBE-GATE-HH-018-A status=200 553ms 328b # gate A
2026-09-17T09:51:04.365Z GET /deals/HH-018 xtid=PROBE-GATE-HH-018-B status=200 709ms 328b # gate B
2026-09-17T09:51:04.732Z GET /deals/HH-018 - status=400 208ms 38b # gate no X-Ticket-Id
2026-09-17T09:51:05.461Z GET /deals/HH-019 xtid=PROBE-GATE-HH-019-A status=200 577ms 2845b # gate A
2026-09-17T09:51:06.086Z GET /deals/HH-019 xtid=PROBE-GATE-HH-019-A status=200 471ms 2845b # gate A
2026-09-17T09:51:06.743Z GET /deals/HH-019 xtid=PROBE-GATE-HH-019-A status=200 505ms 2845b # gate A
2026-09-17T09:51:07.365Z GET /deals/HH-019 xtid=PROBE-GATE-HH-019-B status=200 470ms 2845b # gate B
2026-09-17T09:51:07.707Z GET /deals/HH-019 - status=400 190ms 38b # gate no X-Ticket-Id
2026-09-17T09:51:08.386Z GET /deals/HH-020 xtid=PROBE-GATE-HH-020-A status=200 526ms 12b # gate A
2026-09-17T09:51:09.096Z GET /deals/HH-020 xtid=PROBE-GATE-HH-020-A status=200 557ms 12b # gate A
2026-09-17T09:51:09.682Z GET /deals/HH-020 xtid=PROBE-GATE-HH-020-A status=200 434ms 12b # gate A
2026-09-17T09:51:10.333Z GET /deals/HH-020 xtid=PROBE-GATE-HH-020-B status=200 498ms 12b # gate B
2026-09-17T09:51:10.675Z GET /deals/HH-020 - status=400 191ms 38b # gate no X-Ticket-Id
2026-09-17T09:51:11.263Z GET /deals/HH-021 xtid=PROBE-GATE-HH-021-A status=200 435ms 169b # gate A
2026-09-17T09:51:11.862Z GET /deals/HH-021 xtid=PROBE-GATE-HH-021-A status=200 447ms 169b # gate A
2026-09-17T09:51:12.475Z GET /deals/HH-021 xtid=PROBE-GATE-HH-021-A status=200 461ms 169b # gate A
2026-09-17T09:51:13.064Z GET /deals/HH-021 xtid=PROBE-GATE-HH-021-B status=200 438ms 169b # gate B
2026-09-17T09:51:13.403Z GET /deals/HH-021 - status=400 188ms 38b # gate no X-Ticket-Id
2026-09-17T09:51:14.010Z GET /deals/HH-022 xtid=PROBE-GATE-HH-022-A status=200 453ms 638b # gate A
2026-09-17T09:51:14.636Z GET /deals/HH-022 xtid=PROBE-GATE-HH-022-A status=200 473ms 638b # gate A
2026-09-17T09:51:15.240Z GET /deals/HH-022 xtid=PROBE-GATE-HH-022-A status=200 451ms 638b # gate A
2026-09-17T09:51:15.890Z GET /deals/HH-022 xtid=PROBE-GATE-HH-022-B status=200 473ms 638b # gate B
2026-09-17T09:51:16.308Z GET /deals/HH-022 - status=400 265ms 38b # gate no X-Ticket-Id
2026-09-17T09:51:16.986Z GET /deals/HH-023 xtid=PROBE-GATE-HH-023-A status=200 526ms 328b # gate A
2026-09-17T09:51:17.681Z GET /deals/HH-023 xtid=PROBE-GATE-HH-023-A status=200 540ms 328b # gate A
2026-09-17T09:51:18.367Z GET /deals/HH-023 xtid=PROBE-GATE-HH-023-A status=200 534ms 328b # gate A
2026-09-17T09:51:19.028Z GET /deals/HH-023 xtid=PROBE-GATE-HH-023-B status=200 508ms 328b # gate B
2026-09-17T09:51:19.412Z GET /deals/HH-023 - status=400 193ms 38b # gate no X-Ticket-Id
2026-09-17T09:51:20.056Z GET /deals/HH-024 xtid=PROBE-GATE-HH-024-A status=200 489ms 169b # gate A
2026-09-17T09:51:20.652Z GET /deals/HH-024 xtid=PROBE-GATE-HH-024-A status=200 444ms 169b # gate A
2026-09-17T09:51:21.284Z GET /deals/HH-024 xtid=PROBE-GATE-HH-024-A status=200 477ms 169b # gate A
2026-09-17T09:51:21.902Z GET /deals/HH-024 xtid=PROBE-GATE-HH-024-B status=200 465ms 169b # gate B
2026-09-17T09:51:22.263Z GET /deals/HH-024 - status=400 208ms 38b # gate no X-Ticket-Id

# 2026-09-17T09:51:54.490Z stage=deals-real run=202609170951
2026-09-17T09:51:55.617Z GET /deals/HH-020 xtid=TICKET-020 status=200 1124ms 12b # REAL ticket id, sandbox
2026-09-17T09:51:56.206Z GET /deals/HH-020 xtid=TICKET-020 status=200 434ms 12b # REAL ticket id, sandbox
2026-09-17T09:51:56.797Z GET /deals/HH-020 xtid=TICKET-020 status=200 440ms 12b # REAL ticket id, sandbox
2026-09-17T09:51:57.380Z GET /deals/HH-020 xtid=TICKET-020 status=200 432ms 12b # REAL ticket id, sandbox

# 2026-09-17T09:53:12.165Z stage=deals run=202609170953

# 2026-09-17T09:53:12.382Z stage=deals-real run=202609170953
2026-09-17T09:53:13.744Z GET /deals/HH-020 xtid=TICKET-020 status=200 1359ms 12b # REAL ticket id, sandbox

# 2026-09-17T09:53:29.846Z stage=deals run=202609170953
2026-09-17T09:53:30.727Z GET /deals/HH-001 xtid=PROBE-HH-001-202609170953 status=200 872ms 638b 
2026-09-17T09:53:31.319Z GET /deals/HH-001 xtid=PROBE-HH-001-202609170953 status=200 437ms 638b 
2026-09-17T09:53:31.926Z GET /deals/HH-001 xtid=PROBE-HH-001-202609170953 status=200 455ms 638b 
2026-09-17T09:53:32.562Z GET /deals/HH-001 xtid=PROBE-HH-001-202609170953 status=200 483ms 638b 
2026-09-17T09:53:33.172Z GET /deals/HH-002 xtid=PROBE-HH-002-202609170953 status=200 458ms 487b 
2026-09-17T09:53:33.951Z GET /deals/HH-002 xtid=PROBE-HH-002-202609170953 status=200 625ms 487b 
2026-09-17T09:53:34.641Z GET /deals/HH-002 xtid=PROBE-HH-002-202609170953 status=200 538ms 487b 
2026-09-17T09:53:35.344Z GET /deals/HH-002 xtid=PROBE-HH-002-202609170953 status=200 539ms 487b 
2026-09-17T09:53:35.976Z GET /deals/HH-003 xtid=PROBE-HH-003-202609170953 status=200 480ms 333b 
2026-09-17T09:53:36.652Z GET /deals/HH-003 xtid=PROBE-HH-003-202609170953 status=200 521ms 333b 
2026-09-17T09:53:37.273Z GET /deals/HH-003 xtid=PROBE-HH-003-202609170953 status=200 469ms 333b 
2026-09-17T09:53:37.883Z GET /deals/HH-003 xtid=PROBE-HH-003-202609170953 status=200 454ms 333b 
2026-09-17T09:53:38.498Z GET /deals/HH-004 xtid=PROBE-HH-004-202609170953 status=200 463ms 491b 
2026-09-17T09:53:39.085Z GET /deals/HH-004 xtid=PROBE-HH-004-202609170953 status=200 432ms 491b 
2026-09-17T09:53:39.666Z GET /deals/HH-004 xtid=PROBE-HH-004-202609170953 status=200 429ms 491b 
2026-09-17T09:53:40.260Z GET /deals/HH-004 xtid=PROBE-HH-004-202609170953 status=200 442ms 491b 
2026-09-17T09:53:40.843Z GET /deals/HH-005 xtid=PROBE-HH-005-202609170953 status=200 431ms 12b 
2026-09-17T09:53:41.433Z GET /deals/HH-005 xtid=PROBE-HH-005-202609170953 status=200 437ms 12b 
2026-09-17T09:53:42.098Z GET /deals/HH-005 xtid=PROBE-HH-005-202609170953 status=200 513ms 12b 
2026-09-17T09:53:42.680Z GET /deals/HH-005 xtid=PROBE-HH-005-202609170953 status=200 431ms 12b 
2026-09-17T09:53:43.311Z GET /deals/HH-006 xtid=PROBE-HH-006-202609170953 status=500 480ms 38b 
2026-09-17T09:53:43.893Z GET /deals/HH-006 xtid=PROBE-HH-006-202609170953 status=200 431ms 638b 
2026-09-17T09:53:44.538Z GET /deals/HH-006 xtid=PROBE-HH-006-202609170953 status=200 492ms 638b 
2026-09-17T09:53:45.140Z GET /deals/HH-006 xtid=PROBE-HH-006-202609170953 status=200 449ms 638b 
2026-09-17T09:53:45.726Z GET /deals/HH-007 xtid=PROBE-HH-007-202609170953 status=200 434ms 485b 
2026-09-17T09:53:46.319Z GET /deals/HH-007 xtid=PROBE-HH-007-202609170953 status=200 441ms 485b 
2026-09-17T09:53:47.031Z GET /deals/HH-007 xtid=PROBE-HH-007-202609170953 status=200 560ms 485b 
2026-09-17T09:53:47.908Z GET /deals/HH-007 xtid=PROBE-HH-007-202609170953 status=200 649ms 485b 
2026-09-17T09:53:48.588Z GET /deals/HH-008 xtid=PROBE-HH-008-202609170953 status=200 526ms 483b 
2026-09-17T09:53:49.225Z GET /deals/HH-008 xtid=PROBE-HH-008-202609170953 status=200 484ms 483b 
2026-09-17T09:53:49.856Z GET /deals/HH-008 xtid=PROBE-HH-008-202609170953 status=200 476ms 483b 
2026-09-17T09:53:50.478Z GET /deals/HH-008 xtid=PROBE-HH-008-202609170953 status=200 470ms 483b 
2026-09-17T09:53:51.061Z GET /deals/HH-009 xtid=PROBE-HH-009-202609170953 status=200 431ms 12b 
2026-09-17T09:53:51.705Z GET /deals/HH-009 xtid=PROBE-HH-009-202609170953 status=200 491ms 12b 
2026-09-17T09:53:52.321Z GET /deals/HH-009 xtid=PROBE-HH-009-202609170953 status=200 464ms 12b 
2026-09-17T09:53:52.915Z GET /deals/HH-009 xtid=PROBE-HH-009-202609170953 status=200 442ms 12b 
2026-09-17T09:53:53.502Z GET /deals/HH-010 xtid=PROBE-HH-010-202609170953 status=200 433ms 12b 
2026-09-17T09:53:54.089Z GET /deals/HH-010 xtid=PROBE-HH-010-202609170953 status=200 435ms 12b 
2026-09-17T09:53:54.671Z GET /deals/HH-010 xtid=PROBE-HH-010-202609170953 status=200 429ms 12b 
2026-09-17T09:53:55.256Z GET /deals/HH-010 xtid=PROBE-HH-010-202609170953 status=200 435ms 12b 
2026-09-17T09:53:55.905Z GET /deals/HH-011 xtid=PROBE-HH-011-202609170953 status=200 479ms 12b 
2026-09-17T09:53:56.483Z GET /deals/HH-011 xtid=PROBE-HH-011-202609170953 status=200 427ms 12b 
2026-09-17T09:53:57.058Z GET /deals/HH-011 xtid=PROBE-HH-011-202609170953 status=200 425ms 12b 
2026-09-17T09:53:57.645Z GET /deals/HH-011 xtid=PROBE-HH-011-202609170953 status=200 432ms 12b 
2026-09-17T09:53:58.258Z GET /deals/HH-012 xtid=PROBE-HH-012-202609170953 status=200 461ms 485b 
2026-09-17T09:53:58.887Z GET /deals/HH-012 xtid=PROBE-HH-012-202609170953 status=200 475ms 485b 
2026-09-17T09:53:59.465Z GET /deals/HH-012 xtid=PROBE-HH-012-202609170953 status=200 426ms 485b 
2026-09-17T09:54:00.067Z GET /deals/HH-012 xtid=PROBE-HH-012-202609170953 status=200 450ms 485b 
2026-09-17T09:54:00.697Z GET /deals/HH-013 xtid=PROBE-HH-013-202609170953 status=200 476ms 487b 
2026-09-17T09:54:01.401Z GET /deals/HH-013 xtid=PROBE-HH-013-202609170953 status=200 551ms 487b 
2026-09-17T09:54:02.088Z GET /deals/HH-013 xtid=PROBE-HH-013-202609170953 status=200 534ms 487b 
2026-09-17T09:54:02.714Z GET /deals/HH-013 xtid=PROBE-HH-013-202609170953 status=200 473ms 487b 
2026-09-17T09:54:03.339Z GET /deals/HH-014 xtid=PROBE-HH-014-202609170953 status=200 468ms 485b 
2026-09-17T09:54:03.925Z GET /deals/HH-014 xtid=PROBE-HH-014-202609170953 status=200 433ms 485b 
2026-09-17T09:54:04.876Z GET /deals/HH-014 xtid=PROBE-HH-014-202609170953 status=200 799ms 485b 
2026-09-17T09:54:05.943Z GET /deals/HH-014 xtid=PROBE-HH-014-202609170953 status=200 557ms 485b 
2026-09-17T09:54:06.555Z GET /deals/HH-015 xtid=PROBE-HH-015-202609170953 status=200 460ms 489b 
2026-09-17T09:54:07.169Z GET /deals/HH-015 xtid=PROBE-HH-015-202609170953 status=200 458ms 489b 
2026-09-17T09:54:07.757Z GET /deals/HH-015 xtid=PROBE-HH-015-202609170953 status=200 433ms 489b 
2026-09-17T09:54:08.400Z GET /deals/HH-015 xtid=PROBE-HH-015-202609170953 status=200 491ms 489b 
2026-09-17T09:54:09.116Z GET /deals/HH-016 xtid=PROBE-HH-016-202609170953 status=200 545ms 169b 
2026-09-17T09:54:09.728Z GET /deals/HH-016 xtid=PROBE-HH-016-202609170953 status=200 457ms 169b 
2026-09-17T09:54:10.313Z GET /deals/HH-016 xtid=PROBE-HH-016-202609170953 status=200 433ms 169b 
2026-09-17T09:54:10.902Z GET /deals/HH-016 xtid=PROBE-HH-016-202609170953 status=200 432ms 169b 
2026-09-17T09:54:11.500Z GET /deals/HH-017 xtid=PROBE-HH-017-202609170953 status=200 444ms 172b 
2026-09-17T09:54:12.138Z GET /deals/HH-017 xtid=PROBE-HH-017-202609170953 status=200 479ms 172b 
2026-09-17T09:54:12.944Z GET /deals/HH-017 xtid=PROBE-HH-017-202609170953 status=200 443ms 172b 
2026-09-17T09:54:13.543Z GET /deals/HH-017 xtid=PROBE-HH-017-202609170953 status=200 444ms 172b 
2026-09-17T09:54:14.442Z GET /deals/HH-018 xtid=PROBE-HH-018-202609170953 status=200 721ms 328b 
2026-09-17T09:54:15.184Z GET /deals/HH-018 xtid=PROBE-HH-018-202609170953 status=200 580ms 328b 
2026-09-17T09:54:15.885Z GET /deals/HH-018 xtid=PROBE-HH-018-202609170953 status=200 547ms 328b 
2026-09-17T09:54:16.599Z GET /deals/HH-018 xtid=PROBE-HH-018-202609170953 status=200 562ms 328b 
2026-09-17T09:54:17.209Z GET /deals/HH-019 xtid=PROBE-HH-019-202609170953 status=200 458ms 2845b 
2026-09-17T09:54:17.872Z GET /deals/HH-019 xtid=PROBE-HH-019-202609170953 status=200 509ms 2845b 
2026-09-17T09:54:18.494Z GET /deals/HH-019 xtid=PROBE-HH-019-202609170953 status=200 438ms 2845b 
2026-09-17T09:54:19.089Z GET /deals/HH-019 xtid=PROBE-HH-019-202609170953 status=200 439ms 2845b 
2026-09-17T09:54:19.705Z GET /deals/HH-020 xtid=PROBE-HH-020-202609170953 status=200 464ms 12b 
2026-09-17T09:54:20.296Z GET /deals/HH-020 xtid=PROBE-HH-020-202609170953 status=200 438ms 12b 
2026-09-17T09:54:20.875Z GET /deals/HH-020 xtid=PROBE-HH-020-202609170953 status=200 426ms 12b 
2026-09-17T09:54:21.506Z GET /deals/HH-020 xtid=PROBE-HH-020-202609170953 status=200 479ms 12b 
2026-09-17T09:54:22.128Z GET /deals/HH-021 xtid=PROBE-HH-021-202609170953 status=200 458ms 169b 
2026-09-17T09:54:22.737Z GET /deals/HH-021 xtid=PROBE-HH-021-202609170953 status=200 432ms 169b 
2026-09-17T09:54:23.359Z GET /deals/HH-021 xtid=PROBE-HH-021-202609170953 status=200 464ms 169b 
2026-09-17T09:54:23.963Z GET /deals/HH-021 xtid=PROBE-HH-021-202609170953 status=200 452ms 169b 
2026-09-17T09:54:24.546Z GET /deals/HH-022 xtid=PROBE-HH-022-202609170953 status=200 430ms 638b 
2026-09-17T09:54:25.135Z GET /deals/HH-022 xtid=PROBE-HH-022-202609170953 status=200 437ms 638b 
2026-09-17T09:54:25.803Z GET /deals/HH-022 xtid=PROBE-HH-022-202609170953 status=200 516ms 638b 
2026-09-17T09:54:26.406Z GET /deals/HH-022 xtid=PROBE-HH-022-202609170953 status=200 449ms 638b 
2026-09-17T09:54:26.989Z GET /deals/HH-023 xtid=PROBE-HH-023-202609170953 status=200 428ms 328b 
2026-09-17T09:54:27.652Z GET /deals/HH-023 xtid=PROBE-HH-023-202609170953 status=200 509ms 328b 
2026-09-17T09:54:28.328Z GET /deals/HH-023 xtid=PROBE-HH-023-202609170953 status=200 496ms 328b 
2026-09-17T09:54:29.014Z GET /deals/HH-023 xtid=PROBE-HH-023-202609170953 status=200 535ms 328b 
2026-09-17T09:54:29.717Z GET /deals/HH-024 xtid=PROBE-HH-024-202609170953 status=200 551ms 169b 
2026-09-17T09:54:30.346Z GET /deals/HH-024 xtid=PROBE-HH-024-202609170953 status=200 473ms 169b 
2026-09-17T09:54:30.931Z GET /deals/HH-024 xtid=PROBE-HH-024-202609170953 status=200 432ms 169b 
2026-09-17T09:54:31.510Z GET /deals/HH-024 xtid=PROBE-HH-024-202609170953 status=200 426ms 169b 

# 2026-09-17T09:54:53.448Z stage=deals run=202609170954
2026-09-17T09:54:54.414Z GET /deals/HH-005 xtid=PROBE-HH-005-202609170954 status=200 961ms 12b 
2026-09-17T09:54:55.233Z GET /deals/HH-005 xtid=PROBE-HH-005-202609170954 status=200 656ms 12b 
2026-09-17T09:54:55.901Z GET /deals/HH-005 xtid=PROBE-HH-005-202609170954 status=200 515ms 12b 
2026-09-17T09:54:56.616Z GET /deals/HH-005 xtid=PROBE-HH-005-202609170954 status=200 563ms 12b 
2026-09-17T09:54:57.234Z GET /deals/HH-005 xtid=PROBE-HH-005-202609170954 status=200 464ms 12b 
2026-09-17T09:54:57.959Z GET /deals/HH-005 xtid=PROBE-HH-005-202609170954 status=200 572ms 12b 
2026-09-17T09:54:58.552Z GET /deals/HH-005 xtid=PROBE-HH-005-202609170954 status=200 440ms 12b 
2026-09-17T09:54:59.188Z GET /deals/HH-005 xtid=PROBE-HH-005-202609170954 status=200 483ms 12b 
2026-09-17T09:54:59.803Z GET /deals/HH-006 xtid=PROBE-HH-006-202609170954 status=500 463ms 38b 
2026-09-17T09:55:00.391Z GET /deals/HH-006 xtid=PROBE-HH-006-202609170954 status=200 435ms 638b 
2026-09-17T09:55:01.004Z GET /deals/HH-006 xtid=PROBE-HH-006-202609170954 status=200 462ms 638b 
2026-09-17T09:55:01.644Z GET /deals/HH-006 xtid=PROBE-HH-006-202609170954 status=200 488ms 638b 
2026-09-17T09:55:02.260Z GET /deals/HH-006 xtid=PROBE-HH-006-202609170954 status=200 464ms 638b 
2026-09-17T09:55:02.851Z GET /deals/HH-006 xtid=PROBE-HH-006-202609170954 status=200 439ms 638b 
2026-09-17T09:55:03.490Z GET /deals/HH-006 xtid=PROBE-HH-006-202609170954 status=200 488ms 638b 
2026-09-17T09:55:04.066Z GET /deals/HH-006 xtid=PROBE-HH-006-202609170954 status=200 424ms 638b 
2026-09-17T09:55:04.721Z GET /deals/HH-009 xtid=PROBE-HH-009-202609170954 status=200 504ms 12b 
2026-09-17T09:55:05.332Z GET /deals/HH-009 xtid=PROBE-HH-009-202609170954 status=200 458ms 12b 
2026-09-17T09:55:05.917Z GET /deals/HH-009 xtid=PROBE-HH-009-202609170954 status=200 433ms 12b 
2026-09-17T09:55:06.574Z GET /deals/HH-009 xtid=PROBE-HH-009-202609170954 status=200 504ms 12b 
2026-09-17T09:55:07.168Z GET /deals/HH-009 xtid=PROBE-HH-009-202609170954 status=200 440ms 12b 
2026-09-17T09:55:07.790Z GET /deals/HH-009 xtid=PROBE-HH-009-202609170954 status=200 470ms 12b 
2026-09-17T09:55:08.471Z GET /deals/HH-009 xtid=PROBE-HH-009-202609170954 status=200 528ms 12b 
2026-09-17T09:55:09.177Z GET /deals/HH-009 xtid=PROBE-HH-009-202609170954 status=200 555ms 12b 
2026-09-17T09:55:09.854Z GET /deals/HH-010 xtid=PROBE-HH-010-202609170954 status=200 523ms 12b 
2026-09-17T09:55:10.482Z GET /deals/HH-010 xtid=PROBE-HH-010-202609170954 status=200 476ms 12b 
2026-09-17T09:55:11.084Z GET /deals/HH-010 xtid=PROBE-HH-010-202609170954 status=200 449ms 12b 
2026-09-17T09:55:11.675Z GET /deals/HH-010 xtid=PROBE-HH-010-202609170954 status=200 439ms 12b 
2026-09-17T09:55:12.301Z GET /deals/HH-010 xtid=PROBE-HH-010-202609170954 status=200 468ms 12b 
2026-09-17T09:55:12.909Z GET /deals/HH-010 xtid=PROBE-HH-010-202609170954 status=200 457ms 12b 
2026-09-17T09:55:13.502Z GET /deals/HH-010 xtid=PROBE-HH-010-202609170954 status=200 440ms 12b 
2026-09-17T09:55:14.242Z GET /deals/HH-010 xtid=PROBE-HH-010-202609170954 status=200 587ms 12b 
2026-09-17T09:55:14.956Z GET /deals/HH-011 xtid=PROBE-HH-011-202609170954 status=200 547ms 12b 
2026-09-17T09:55:15.545Z GET /deals/HH-011 xtid=PROBE-HH-011-202609170954 status=200 436ms 12b 
2026-09-17T09:55:16.131Z GET /deals/HH-011 xtid=PROBE-HH-011-202609170954 status=200 435ms 12b 
2026-09-17T09:55:16.729Z GET /deals/HH-011 xtid=PROBE-HH-011-202609170954 status=200 442ms 12b 
2026-09-17T09:55:17.329Z GET /deals/HH-011 xtid=PROBE-HH-011-202609170954 status=200 448ms 12b 
2026-09-17T09:55:18.029Z GET /deals/HH-011 xtid=PROBE-HH-011-202609170954 status=200 549ms 12b 
2026-09-17T09:55:18.643Z GET /deals/HH-011 xtid=PROBE-HH-011-202609170954 status=200 463ms 12b 
2026-09-17T09:55:19.228Z GET /deals/HH-011 xtid=PROBE-HH-011-202609170954 status=200 433ms 12b 
2026-09-17T09:55:19.872Z GET /deals/HH-020 xtid=PROBE-HH-020-202609170954 status=200 493ms 12b 
2026-09-17T09:55:20.486Z GET /deals/HH-020 xtid=PROBE-HH-020-202609170954 status=200 462ms 12b 
2026-09-17T09:55:21.071Z GET /deals/HH-020 xtid=PROBE-HH-020-202609170954 status=200 430ms 12b 
2026-09-17T09:55:21.761Z GET /deals/HH-020 xtid=PROBE-HH-020-202609170954 status=200 538ms 12b 
2026-09-17T09:55:22.465Z GET /deals/HH-020 xtid=PROBE-HH-020-202609170954 status=200 552ms 12b 
2026-09-17T09:55:23.155Z GET /deals/HH-020 xtid=PROBE-HH-020-202609170954 status=200 539ms 12b 
2026-09-17T09:55:23.816Z GET /deals/HH-020 xtid=PROBE-HH-020-202609170954 status=200 506ms 12b 
2026-09-17T09:55:24.560Z GET /deals/HH-020 xtid=PROBE-HH-020-202609170954 status=200 551ms 12b 

# 2026-09-17T09:56:51.716Z mutate stage=shapes
2026-09-17T09:56:53.027Z POST /recommendation - status=200 1291ms 62b # MUTATE rec.empty
2026-09-17T09:56:53.438Z POST /recommendation - status=200 229ms 62b # MUTATE rec.nobody
2026-09-17T09:56:54.491Z POST /comms/whatsapp - status=200 900ms 56b # MUTATE wa.empty
2026-09-17T09:56:55.446Z POST /slack/notify - status=200 802ms 11b # MUTATE slack.empty

# 2026-09-17T09:57:07.762Z mutate stage=patch
2026-09-17T09:57:10.177Z GET /hubspot/tickets/TICKET-020 - status=200 2364ms 307b # MUTATE patch.before
2026-09-17T09:57:10.894Z PATCH /hubspot/tickets/TICKET-020 - status=200 562ms 321b # MUTATE patch.bare
2026-09-17T09:57:11.674Z PATCH /hubspot/tickets/TICKET-020 - status=200 622ms 324b # MUTATE patch.wrapped
2026-09-17T09:57:12.381Z PATCH /hubspot/tickets/TICKET-020 - status=200 554ms 376b # MUTATE patch.custom
2026-09-17T09:57:13.062Z PATCH /hubspot/tickets/TICKET-020 - status=200 528ms 390b # MUTATE patch.badreason
2026-09-17T09:57:13.862Z PATCH /hubspot/tickets/TICKET-020 - status=200 647ms 431b # MUTATE patch.goodreason
2026-09-17T09:57:14.565Z PATCH /hubspot/tickets/TICKET-020 - status=200 548ms 431b # MUTATE patch.badstage
2026-09-17T09:57:15.281Z PATCH /hubspot/tickets/TICKET-020 - status=200 562ms 431b # MUTATE patch.empty
2026-09-17T09:57:15.906Z GET /hubspot/tickets/TICKET-020 - status=200 465ms 431b # MUTATE patch.after

# 2026-09-17T09:57:34.775Z mutate stage=posts
2026-09-17T09:57:35.693Z POST /recommendation - status=200 889ms 62b # MUTATE rec.guess1
2026-09-17T09:57:36.269Z POST /comms/whatsapp - status=200 424ms 56b # MUTATE wa.guess1
2026-09-17T09:57:36.825Z POST /slack/notify - status=200 402ms 11b # MUTATE slack.guess1
2026-09-17T09:57:37.334Z POST /recommendation - status=200 355ms 62b # MUTATE rec.duplicate
2026-09-17T09:57:37.988Z GET /hubspot/tickets/TICKET-024 - status=200 502ms 305b # MUTATE posts.ticket-after
2026-09-17T09:57:38.750Z GET /deals/HH-024 xtid=TICKET-024 status=200 610ms 169b # MUTATE posts.deals-after
2026-09-17T12:34:50Z GET /hubspot/tickets/TICKET-024 - # read-back after section 4 test (Success)
2026-09-17T12:36:23Z GET /hubspot/tickets/TICKET-016 - # read-back after section 4 test (Failure)
2026-09-17T12:37:59Z GET /hubspot/tickets/TICKET-023 - # read-back after section 4 test (Manual)
2026-09-17T12:41:29Z GET /hubspot/tickets/TICKET-024 - # read-back after re-run (idempotency)
2026-09-17T12:42:55Z GET /hubspot/tickets/TICKET-016 - # read-back after re-run (idempotency)
2026-09-17T12:43:31Z GET /hubspot/tickets/TICKET-014 - # read-back after forced GET context 404 (Unhandled error path)
2026-09-17T12:48:59.478Z GET /hubspot/tickets/TICKET-009 - status=200 # phase4 harness
2026-09-17T12:48:59.998Z GET /hubspot/tickets/TICKET-010 - status=200 # phase4 harness
2026-09-17T12:49:00.454Z GET /hubspot/tickets/TICKET-005 - status=200 # phase4 harness
2026-09-17T12:49:00.909Z GET /hubspot/tickets/TICKET-011 - status=200 # phase4 harness
2026-09-17T12:49:01.360Z GET /hubspot/tickets/TICKET-008 - status=200 # phase4 harness
2026-09-17T12:49:01.810Z GET /hubspot/tickets/TICKET-003 - status=200 # phase4 harness
2026-09-17T12:49:02.304Z GET /hubspot/tickets/TICKET-004 - status=200 # phase4 harness
2026-09-17T12:49:02.891Z GET /hubspot/tickets/TICKET-007 - status=200 # phase4 harness
2026-09-17T12:49:03.425Z GET /hubspot/tickets/TICKET-001 - status=200 # phase4 harness
2026-09-17T12:49:03.924Z GET /hubspot/tickets/TICKET-002 - status=200 # phase4 harness
2026-09-17T12:49:04.456Z GET /hubspot/tickets/TICKET-006 - status=200 # phase4 harness
2026-09-17T12:58:56.634Z GET /hubspot/tickets/TICKET-009 - status=200 # phase4 harness
2026-09-17T12:59:00.871Z GET /hubspot/tickets/TICKET-009 - status=200 # phase4 harness
2026-09-17T12:59:04.333Z GET /hubspot/tickets/TICKET-009 - status=200 # phase4 harness
2026-09-17T12:59:04.864Z GET /hubspot/tickets/TICKET-009 - status=200 # phase4 harness
2026-09-17T12:59:25.543Z GET /hubspot/tickets/TICKET-009 - status=200 # phase4 harness
2026-09-17T12:59:46.127Z GET /hubspot/tickets/TICKET-009 - status=200 # phase4 harness
2026-09-17T13:00:06.915Z GET /hubspot/tickets/TICKET-009 - status=200 # phase4 harness
2026-09-17T13:00:27.446Z GET /hubspot/tickets/TICKET-009 - status=200 # phase4 harness
2026-09-17T13:00:27.929Z GET /hubspot/tickets/TICKET-009 - status=200 # phase4 harness
2026-09-17T13:01:12.945Z GET /hubspot/tickets/TICKET-009 - status=200 # phase4 harness
2026-09-17T13:01:25.372Z GET /hubspot/tickets/TICKET-010 - status=200 # phase4 harness
2026-09-17T13:01:29.508Z GET /hubspot/tickets/TICKET-010 - status=200 # phase4 harness
2026-09-17T13:01:35.042Z GET /hubspot/tickets/TICKET-010 - status=200 # phase4 harness
2026-09-17T13:01:46.327Z GET /hubspot/tickets/TICKET-005 - status=200 # phase4 harness
2026-09-17T13:01:50.027Z GET /hubspot/tickets/TICKET-005 - status=200 # phase4 harness
2026-09-17T13:01:50.581Z GET /hubspot/tickets/TICKET-005 - status=200 # phase4 harness
2026-09-17T13:01:51.116Z GET /hubspot/tickets/TICKET-011 - status=200 # phase4 harness
2026-09-17T13:01:54.792Z GET /hubspot/tickets/TICKET-011 - status=200 # phase4 harness
2026-09-17T13:01:55.263Z GET /hubspot/tickets/TICKET-011 - status=200 # phase4 harness
2026-09-17T13:01:55.763Z GET /hubspot/tickets/TICKET-008 - status=200 # phase4 harness
2026-09-17T13:01:59.454Z GET /hubspot/tickets/TICKET-008 - status=200 # phase4 harness
2026-09-17T13:02:00.162Z GET /hubspot/tickets/TICKET-008 - status=200 # phase4 harness
2026-09-17T13:02:00.590Z GET /hubspot/tickets/TICKET-003 - status=200 # phase4 harness
2026-09-17T13:02:04.427Z GET /hubspot/tickets/TICKET-003 - status=200 # phase4 harness
2026-09-17T13:02:04.956Z GET /hubspot/tickets/TICKET-003 - status=200 # phase4 harness
2026-09-17T13:02:05.460Z GET /hubspot/tickets/TICKET-004 - status=200 # phase4 harness
2026-09-17T13:02:09.286Z GET /hubspot/tickets/TICKET-004 - status=200 # phase4 harness
2026-09-17T13:02:09.789Z GET /hubspot/tickets/TICKET-004 - status=200 # phase4 harness
2026-09-17T13:02:10.228Z GET /hubspot/tickets/TICKET-007 - status=200 # phase4 harness
2026-09-17T13:02:13.912Z GET /hubspot/tickets/TICKET-007 - status=200 # phase4 harness
2026-09-17T13:02:14.382Z GET /hubspot/tickets/TICKET-007 - status=200 # phase4 harness
2026-09-17T13:02:14.910Z GET /hubspot/tickets/TICKET-001 - status=200 # phase4 harness
2026-09-17T13:02:18.653Z GET /hubspot/tickets/TICKET-001 - status=200 # phase4 harness
2026-09-17T13:02:19.334Z GET /hubspot/tickets/TICKET-001 - status=200 # phase4 harness
2026-09-17T13:02:19.828Z GET /hubspot/tickets/TICKET-002 - status=200 # phase4 harness
2026-09-17T13:02:23.715Z GET /hubspot/tickets/TICKET-002 - status=200 # phase4 harness
2026-09-17T13:02:24.184Z GET /hubspot/tickets/TICKET-002 - status=200 # phase4 harness
2026-09-17T13:02:24.638Z GET /hubspot/tickets/TICKET-006 - status=200 # phase4 harness
2026-09-17T13:02:28.349Z GET /hubspot/tickets/TICKET-006 - status=200 # phase4 harness
2026-09-17T13:02:32.012Z GET /hubspot/tickets/TICKET-006 - status=200 # phase4 harness
2026-09-17T13:02:32.694Z GET /hubspot/tickets/TICKET-006 - status=200 # phase4 harness
2026-09-17T13:02:47.176Z GET /hubspot/tickets/TICKET-008 - status=200 # phase4 harness
2026-09-17T13:02:47.729Z GET /hubspot/tickets/TICKET-003 - status=200 # phase4 harness
2026-09-17T13:02:48.191Z GET /hubspot/tickets/TICKET-004 - status=200 # phase4 harness
2026-09-17T13:02:48.632Z GET /hubspot/tickets/TICKET-007 - status=200 # phase4 harness
